// Jest Snapshot v1, https://goo.gl/fbAQLP

exports[`Home page should matches snapshot 1`] = `
<DocumentFragment>
  <div
    class="jsx-2234572585 layout"
  >
    <header
      class="jsx-2234572585 container mb-3"
    >
      <nav
        class="jsx-2234572585"
      >
        <a
          aria-label="What's in"
          class="jsx-2234572585"
          href="/"
        >
          <div
            style="display: inline-block; max-width: 100%; overflow: hidden; position: relative; box-sizing: border-box; margin: 0px;"
          >
            <div
              style="box-sizing: border-box; display: block; max-width: 100%;"
            >
              <img
                alt=""
                aria-hidden="true"
                role="presentation"
                src="data:image/svg+xml;base64,PHN2ZyB3aWR0aD0iMTExIiBoZWlnaHQ9IjMyIiB4bWxucz0iaHR0cDovL3d3dy53My5vcmcvMjAwMC9zdmciIHZlcnNpb249IjEuMSIvPg=="
                style="max-width: 100%; display: block; margin: 0px; padding: 0px;"
              />
            </div>
            <img
              alt="Logo"
              decoding="async"
              src="data:image/gif;base64,R0lGODlhAQABAIAAAAAAAP///yH5BAEAAAAALAAAAAABAAEAAAIBRAA7"
              style="visibility: hidden; position: absolute; top: 0px; left: 0px; bottom: 0px; right: 0px; box-sizing: border-box; padding: 0px; margin: auto; display: block; width: 0px; height: 0px; min-width: 100%; max-width: 100%; min-height: 100%; max-height: 100%;"
            />
          </div>
        </a>
      </nav>
    </header>
    <main
      class="jsx-2234572585"
    >
      <div
        class="jsx-1504584403 grid"
      >
        <div
          class="jsx-2249794958 grid-item grid-item-xs-true"
        >
          <div
            class="jsx-2629231181 container__search mb-4  container__search--is-empty-state"
          >
            <form
              class="jsx-4126210830 search-bar"
            >
              <svg
                class="search-bar__icon"
                height="1rem"
                version="1.1"
                viewBox="0 0 16 16"
                width="1rem"
                xmlns="http://www.w3.org/2000/svg"
              >
                <g
                  fill="none"
                  fill-rule="evenodd"
                  id="Styleguide-presentation"
                  stroke="none"
                  stroke-width="1"
                >
                  <g
                    id="8.icons"
                    transform="translate(-674.000000, -348.000000)"
                  >
                    <g
                      id="icon__magnifier"
                      transform="translate(674.000000, 348.000000)"
                    >
                      <rect
                        height="16"
                        id="icon__search"
                        width="16"
                        x="0"
                        y="0"
                      />
                      <path
                        d="M14.6666667,14.6666667 L10.6666667,10.6666667"
                        id="Line"
                        stroke="currentColor"
                        stroke-linecap="square"
                        stroke-width="2"
                      />
                      <circle
                        cx="6.66666667"
                        cy="6.66666667"
                        id="Oval-4"
                        r="5.33333333"
                        stroke="currentColor"
                        stroke-width="2"
                      />
                    </g>
                  </g>
                </g>
              </svg>
              <label
                class="jsx-4126210830 search-bar__label"
                for="search-bar"
              >
                Search movies...
              </label>
              <input
                class="jsx-4126210830 search-bar__input"
                id="search-bar"
                placeholder="Search movies..."
              />
            </form>
          </div>
        </div>
      </div>
      <div
        class="jsx-1504584403 grid"
      >
        <div
          class="jsx-2249794958 grid-item grid-item-xs-true"
        >
          <div
            class="jsx-4159469862 empty-state"
          >
            <div
              class="jsx-4159469862 empty-state__img"
            >
              <div
                style="display: block; overflow: hidden; position: absolute; top: 0px; left: 0px; bottom: 0px; right: 0px; box-sizing: border-box; margin: 0px;"
              >
                <img
                  alt="Empty state image"
                  decoding="async"
                  src="data:image/gif;base64,R0lGODlhAQABAIAAAAAAAP///yH5BAEAAAAALAAAAAABAAEAAAIBRAA7"
                  style="visibility: hidden; position: absolute; top: 0px; left: 0px; bottom: 0px; right: 0px; box-sizing: border-box; padding: 0px; margin: auto; display: block; width: 0px; height: 0px; min-width: 100%; max-width: 100%; min-height: 100%; max-height: 100%; object-fit: contain;"
                />
              </div>
            </div>
            <p
              class="jsx-4266605292 typography empty-state__title"
            >
              Don't know what to search?
            </p>
            <p
              class="jsx-1346695943 typography"
            >
              Here's an offer you can't refuse
            </p>
          </div>
        </div>
      </div>
    </main>
  </div>
</DocumentFragment>
`;
